******************************************************************************
             TMS320C2000 Linker PC v6.2.4                      
******************************************************************************
>> Linked Thu Apr 10 20:46:53 2014

OUTPUT FILE NAME:   <Task 2.out>
ENTRY POINT SYMBOL: "_c_int00"  address: 00008972


MEMORY CONFIGURATION

         name            origin    length      used     unused   attr    fill
----------------------  --------  ---------  --------  --------  ----  --------
PAGE 0:
  BEGIN                 00000000   00000002  00000000  00000002  RWIX
  RAMM0                 00000050   000003b0  000000b0  00000300  RWIX
  RAML0_L3              00008000   00002000  00000aaa  00001556  RWIX
  FPUTABLES             003fd860   000006a0  00000000  000006a0  RWIX
  IQTABLES              003fdf00   00000b50  00000000  00000b50  RWIX
  IQTABLES2             003fea50   0000008c  00000000  0000008c  RWIX
  IQTABLES3             003feadc   000000aa  00000000  000000aa  RWIX
  BOOTROM               003ff3b0   00000c10  00000000  00000c10  RWIX
  RESET                 003fffc0   00000002  00000000  00000002  RWIX

PAGE 1:
  BOOT_RSVD             00000002   0000004e  00000000  0000004e  RWIX
  RAMM1                 00000400   00000400  00000300  00000100  RWIX
  DEV_EMU               00000880   00000105  00000004  00000101  RWIX
  SYS_PWR_CTL           00000985   00000003  00000003  00000000  RWIX
  FLASH_REGS            00000a80   00000060  00000008  00000058  RWIX
  CSM                   00000ae0   00000020  00000010  00000010  RWIX
  ADC_RESULT            00000b00   00000020  00000010  00000010  RWIX
  CPU_TIMER0            00000c00   00000008  00000008  00000000  RWIX
  CPU_TIMER1            00000c08   00000008  00000008  00000000  RWIX
  CPU_TIMER2            00000c10   00000008  00000008  00000000  RWIX
  PIE_CTRL              00000ce0   00000020  0000001a  00000006  RWIX
  PIE_VECT              00000d00   00000100  00000100  00000000  RWIX
  DMA                   00001000   00000200  000000e0  00000120  RWIX
  CLA1                  00001400   00000080  00000040  00000040  RWIX
  USB0                  00004000   00001000  00000454  00000bac  RWIX
  McBSPA                00005000   00000040  00000024  0000001c  RWIX
  ECANA                 00006000   00000040  00000034  0000000c  RWIX
  ECANA_LAM             00006040   00000040  00000040  00000000  RWIX
  ECANA_MOTS            00006080   00000040  00000040  00000000  RWIX
  ECANA_MOTO            000060c0   00000040  00000040  00000000  RWIX
  ECANA_MBOX            00006100   00000100  00000100  00000000  RWIX
  COMP1                 00006400   00000020  00000014  0000000c  RWIX
  COMP2                 00006420   00000020  00000014  0000000c  RWIX
  COMP3                 00006440   00000020  00000014  0000000c  RWIX
  EPWM1                 00006800   00000040  00000040  00000000  RWIX
  EPWM2                 00006840   00000040  00000040  00000000  RWIX
  EPWM3                 00006880   00000040  00000040  00000000  RWIX
  EPWM4                 000068c0   00000040  00000040  00000000  RWIX
  EPWM5                 00006900   00000040  00000040  00000000  RWIX
  EPWM6                 00006940   00000040  00000040  00000000  RWIX
  EPWM7                 00006980   00000040  00000040  00000000  RWIX
  EPWM8                 000069c0   00000040  00000040  00000000  RWIX
  ECAP1                 00006a00   00000020  00000020  00000000  RWIX
  ECAP2                 00006a20   00000020  00000020  00000000  RWIX
  ECAP3                 00006a40   00000020  00000020  00000000  RWIX
  HRCAP1                00006ac0   00000020  00000020  00000000  RWIX
  HRCAP2                00006ae0   00000020  00000020  00000000  RWIX
  EQEP1                 00006b00   00000040  00000022  0000001e  RWIX
  EQEP2                 00006b40   00000040  00000022  0000001e  RWIX
  HRCAP3                00006c80   00000020  00000020  00000000  RWIX
  HRCAP4                00006ca0   00000020  00000020  00000000  RWIX
  GPIOCTRL              00006f80   00000040  00000040  00000000  RWIX
  GPIODAT               00006fc0   00000020  00000020  00000000  RWIX
  GPIOINT               00006fe0   00000020  00000020  00000000  RWIX
  SYSTEM                00007010   00000030  00000030  00000000  RWIX
  SPIA                  00007040   00000010  00000010  00000000  RWIX
  SCIA                  00007050   00000010  00000010  00000000  RWIX
  NMIINTRUPT            00007060   00000010  00000010  00000000  RWIX
  XINTRUPT              00007070   00000010  00000010  00000000  RWIX
  ADC                   00007100   00000080  00000050  00000030  RWIX
  SPIB                  00007740   00000010  00000010  00000000  RWIX
  SCIB                  00007750   00000010  00000010  00000000  RWIX
  I2CA                  00007900   00000040  00000022  0000001e  RWIX
  RAML4                 0000a000   00002000  00001859  000007a7  RWIX
  RAML5                 0000c000   00002000  00000000  00002000  RWIX
  RAML6                 0000e000   00002000  00000000  00002000  RWIX
  RAML7                 00010000   00002000  00000000  00002000  RWIX
  RAML8                 00012000   00002000  00000000  00002000  RWIX
  USB_RAM               00040000   00000800  00000000  00000800  RWIX
  PARTID                003d7e80   00000001  00000001  00000000  RWIX
  CSM_PWL               003f7ff8   00000008  00000008  00000000  RWIX


SECTION ALLOCATION MAP

 output                                  attributes/
section   page    origin      length       input sections
--------  ----  ----------  ----------   ----------------
.pinit     0    00000050    00000000     UNINITIALIZED

.cinit     0    00000050    000000b0     
                  00000050    00000096     main.obj (.cinit)
                  000000e6    0000000a     rts2800_fpu32.lib : _lock.obj (.cinit)
                  000000f0    0000000a                       : exit.obj (.cinit)
                  000000fa    00000004                       : errno.obj (.cinit)
                  000000fe    00000002     --HOLE-- [fill = 0]

.text      0    00008000    00000aaa     
                  00008000    000003bc     main.obj (.text)
                  000083bc    000003bb     main.obj (.text:retain)
                  00008777    00000088     rts2800_fpu32.lib : fs_div.obj (.text)
                  000087ff    00000068                       : exp.obj (.text)
                  00008867    00000061                       : cos.obj (.text)
                  000088c8    0000005a                       : pow.obj (.text)
                  00008922    00000050                       : _log.obj (.text)
                  00008972    00000046                       : boot.obj (.text)
                  000089b8    00000031                       : ldexp.obj (.text)
                  000089e9    0000002a                       : l_div.obj (.text)
                  00008a13    00000001     --HOLE-- [fill = 0]
                  00008a14    00000023                       : sqrt.obj (.text)
                  00008a37    00000022                       : i_div.obj (.text)
                  00008a59    00000019                       : args_main.obj (.text)
                  00008a72    00000019                       : exit.obj (.text)
                  00008a8b    00000016                       : frexp.obj (.text)
                  00008aa1    00000009                       : _lock.obj (.text)

.reset     0    003fffc0    00000002     DSECT
                  003fffc0    00000002     rts2800_fpu32.lib : boot.obj (.reset)

.stack     1    00000400    00000300     UNINITIALIZED
                  00000400    00000300     --HOLE--

DevEmuRegsFile 
*          1    00000880    00000004     UNINITIALIZED
                  00000880    00000004     F2806x_GlobalVariableDefs.obj (DevEmuRegsFile)

SysPwrCtrlRegsFile 
*          1    00000985    00000003     UNINITIALIZED
                  00000985    00000003     F2806x_GlobalVariableDefs.obj (SysPwrCtrlRegsFile)

FlashRegsFile 
*          1    00000a80    00000008     UNINITIALIZED
                  00000a80    00000008     F2806x_GlobalVariableDefs.obj (FlashRegsFile)

CsmRegsFile 
*          1    00000ae0    00000010     UNINITIALIZED
                  00000ae0    00000010     F2806x_GlobalVariableDefs.obj (CsmRegsFile)

AdcResultFile 
*          1    00000b00    00000010     UNINITIALIZED
                  00000b00    00000010     F2806x_GlobalVariableDefs.obj (AdcResultFile)

CpuTimer0RegsFile 
*          1    00000c00    00000008     UNINITIALIZED
                  00000c00    00000008     F2806x_GlobalVariableDefs.obj (CpuTimer0RegsFile)

CpuTimer1RegsFile 
*          1    00000c08    00000008     UNINITIALIZED
                  00000c08    00000008     F2806x_GlobalVariableDefs.obj (CpuTimer1RegsFile)

CpuTimer2RegsFile 
*          1    00000c10    00000008     UNINITIALIZED
                  00000c10    00000008     F2806x_GlobalVariableDefs.obj (CpuTimer2RegsFile)

PieCtrlRegsFile 
*          1    00000ce0    0000001a     UNINITIALIZED
                  00000ce0    0000001a     F2806x_GlobalVariableDefs.obj (PieCtrlRegsFile)

PieVectTableFile 
*          1    00000d00    00000100     UNINITIALIZED
                  00000d00    00000100     F2806x_GlobalVariableDefs.obj (PieVectTableFile)

EmuKeyVar 
*          1    00000d00    00000001     UNINITIALIZED
                  00000d00    00000001     F2806x_GlobalVariableDefs.obj (EmuKeyVar)

EmuBModeVar 
*          1    00000d01    00000001     UNINITIALIZED
                  00000d01    00000001     F2806x_GlobalVariableDefs.obj (EmuBModeVar)

FlashCallbackVar 
*          1    00000d02    00000002     UNINITIALIZED
                  00000d02    00000002     F2806x_GlobalVariableDefs.obj (FlashCallbackVar)

FlashScalingVar 
*          1    00000d04    00000002     UNINITIALIZED
                  00000d04    00000002     F2806x_GlobalVariableDefs.obj (FlashScalingVar)

DmaRegsFile 
*          1    00001000    000000e0     UNINITIALIZED
                  00001000    000000e0     F2806x_GlobalVariableDefs.obj (DmaRegsFile)

Cla1RegsFile 
*          1    00001400    00000040     UNINITIALIZED
                  00001400    00000040     F2806x_GlobalVariableDefs.obj (Cla1RegsFile)

Usb0RegsFile 
*          1    00004000    00000454     UNINITIALIZED
                  00004000    00000454     F2806x_GlobalVariableDefs.obj (Usb0RegsFile)

McbspaRegsFile 
*          1    00005000    00000024     UNINITIALIZED
                  00005000    00000024     F2806x_GlobalVariableDefs.obj (McbspaRegsFile)

ECanaRegsFile 
*          1    00006000    00000034     UNINITIALIZED
                  00006000    00000034     F2806x_GlobalVariableDefs.obj (ECanaRegsFile)

ECanaLAMRegsFile 
*          1    00006040    00000040     UNINITIALIZED
                  00006040    00000040     F2806x_GlobalVariableDefs.obj (ECanaLAMRegsFile)

ECanaMOTSRegsFile 
*          1    00006080    00000040     UNINITIALIZED
                  00006080    00000040     F2806x_GlobalVariableDefs.obj (ECanaMOTSRegsFile)

ECanaMOTORegsFile 
*          1    000060c0    00000040     UNINITIALIZED
                  000060c0    00000040     F2806x_GlobalVariableDefs.obj (ECanaMOTORegsFile)

ECanaMboxesFile 
*          1    00006100    00000100     UNINITIALIZED
                  00006100    00000100     F2806x_GlobalVariableDefs.obj (ECanaMboxesFile)

Comp1RegsFile 
*          1    00006400    00000014     UNINITIALIZED
                  00006400    00000014     F2806x_GlobalVariableDefs.obj (Comp1RegsFile)

Comp2RegsFile 
*          1    00006420    00000014     UNINITIALIZED
                  00006420    00000014     F2806x_GlobalVariableDefs.obj (Comp2RegsFile)

Comp3RegsFile 
*          1    00006440    00000014     UNINITIALIZED
                  00006440    00000014     F2806x_GlobalVariableDefs.obj (Comp3RegsFile)

EPwm1RegsFile 
*          1    00006800    00000040     UNINITIALIZED
                  00006800    00000040     F2806x_GlobalVariableDefs.obj (EPwm1RegsFile)

EPwm2RegsFile 
*          1    00006840    00000040     UNINITIALIZED
                  00006840    00000040     F2806x_GlobalVariableDefs.obj (EPwm2RegsFile)

EPwm3RegsFile 
*          1    00006880    00000040     UNINITIALIZED
                  00006880    00000040     F2806x_GlobalVariableDefs.obj (EPwm3RegsFile)

EPwm4RegsFile 
*          1    000068c0    00000040     UNINITIALIZED
                  000068c0    00000040     F2806x_GlobalVariableDefs.obj (EPwm4RegsFile)

EPwm5RegsFile 
*          1    00006900    00000040     UNINITIALIZED
                  00006900    00000040     F2806x_GlobalVariableDefs.obj (EPwm5RegsFile)

EPwm6RegsFile 
*          1    00006940    00000040     UNINITIALIZED
                  00006940    00000040     F2806x_GlobalVariableDefs.obj (EPwm6RegsFile)

EPwm7RegsFile 
*          1    00006980    00000040     UNINITIALIZED
                  00006980    00000040     F2806x_GlobalVariableDefs.obj (EPwm7RegsFile)

EPwm8RegsFile 
*          1    000069c0    00000040     UNINITIALIZED
                  000069c0    00000040     F2806x_GlobalVariableDefs.obj (EPwm8RegsFile)

ECap1RegsFile 
*          1    00006a00    00000020     UNINITIALIZED
                  00006a00    00000020     F2806x_GlobalVariableDefs.obj (ECap1RegsFile)

ECap2RegsFile 
*          1    00006a20    00000020     UNINITIALIZED
                  00006a20    00000020     F2806x_GlobalVariableDefs.obj (ECap2RegsFile)

ECap3RegsFile 
*          1    00006a40    00000020     UNINITIALIZED
                  00006a40    00000020     F2806x_GlobalVariableDefs.obj (ECap3RegsFile)

HRCap1RegsFile 
*          1    00006ac0    00000020     UNINITIALIZED
                  00006ac0    00000020     F2806x_GlobalVariableDefs.obj (HRCap1RegsFile)

HRCap2RegsFile 
*          1    00006ae0    00000020     UNINITIALIZED
                  00006ae0    00000020     F2806x_GlobalVariableDefs.obj (HRCap2RegsFile)

EQep1RegsFile 
*          1    00006b00    00000022     UNINITIALIZED
                  00006b00    00000022     F2806x_GlobalVariableDefs.obj (EQep1RegsFile)

EQep2RegsFile 
*          1    00006b40    00000022     UNINITIALIZED
                  00006b40    00000022     F2806x_GlobalVariableDefs.obj (EQep2RegsFile)

HRCap3RegsFile 
*          1    00006c80    00000020     UNINITIALIZED
                  00006c80    00000020     F2806x_GlobalVariableDefs.obj (HRCap3RegsFile)

HRCap4RegsFile 
*          1    00006ca0    00000020     UNINITIALIZED
                  00006ca0    00000020     F2806x_GlobalVariableDefs.obj (HRCap4RegsFile)

GpioCtrlRegsFile 
*          1    00006f80    00000040     UNINITIALIZED
                  00006f80    00000040     F2806x_GlobalVariableDefs.obj (GpioCtrlRegsFile)

GpioDataRegsFile 
*          1    00006fc0    00000020     UNINITIALIZED
                  00006fc0    00000020     F2806x_GlobalVariableDefs.obj (GpioDataRegsFile)

GpioIntRegsFile 
*          1    00006fe0    00000020     UNINITIALIZED
                  00006fe0    00000020     F2806x_GlobalVariableDefs.obj (GpioIntRegsFile)

SysCtrlRegsFile 
*          1    00007010    00000030     UNINITIALIZED
                  00007010    00000030     F2806x_GlobalVariableDefs.obj (SysCtrlRegsFile)

SpiaRegsFile 
*          1    00007040    00000010     UNINITIALIZED
                  00007040    00000010     F2806x_GlobalVariableDefs.obj (SpiaRegsFile)

SciaRegsFile 
*          1    00007050    00000010     UNINITIALIZED
                  00007050    00000010     F2806x_GlobalVariableDefs.obj (SciaRegsFile)

NmiIntruptRegsFile 
*          1    00007060    00000010     UNINITIALIZED
                  00007060    00000010     F2806x_GlobalVariableDefs.obj (NmiIntruptRegsFile)

XIntruptRegsFile 
*          1    00007070    00000010     UNINITIALIZED
                  00007070    00000010     F2806x_GlobalVariableDefs.obj (XIntruptRegsFile)

AdcRegsFile 
*          1    00007100    00000050     UNINITIALIZED
                  00007100    00000050     F2806x_GlobalVariableDefs.obj (AdcRegsFile)

SpibRegsFile 
*          1    00007740    00000010     UNINITIALIZED
                  00007740    00000010     F2806x_GlobalVariableDefs.obj (SpibRegsFile)

ScibRegsFile 
*          1    00007750    00000010     UNINITIALIZED
                  00007750    00000010     F2806x_GlobalVariableDefs.obj (ScibRegsFile)

I2caRegsFile 
*          1    00007900    00000022     UNINITIALIZED
                  00007900    00000022     F2806x_GlobalVariableDefs.obj (I2caRegsFile)

.ebss      1    0000a000    00001859     UNINITIALIZED
                  0000a000    00001850     main.obj (.ebss)
                  0000b850    00000004     rts2800_fpu32.lib : _lock.obj (.ebss)
                  0000b854    00000004                       : exit.obj (.ebss)
                  0000b858    00000001                       : errno.obj (.ebss)

PartIdRegsFile 
*          1    003d7e80    00000001     UNINITIALIZED
                  003d7e80    00000001     F2806x_GlobalVariableDefs.obj (PartIdRegsFile)

CsmPwlFile 
*          1    003f7ff8    00000008     UNINITIALIZED
                  003f7ff8    00000008     F2806x_GlobalVariableDefs.obj (CsmPwlFile)


GLOBAL DATA SYMBOLS: SORTED BY DATA PAGE

address     data page           name
--------    ----------------    ----
00000400      10 (00000400)     __stack

00000880      22 (00000880)     _DevEmuRegs

00000985      26 (00000980)     _SysPwrCtrlRegs

00000a80      2a (00000a80)     _FlashRegs

00000ae0      2b (00000ac0)     _CsmRegs

00000b00      2c (00000b00)     _AdcResult

00000c00      30 (00000c00)     _CpuTimer0Regs
00000c08      30 (00000c00)     _CpuTimer1Regs
00000c10      30 (00000c00)     _CpuTimer2Regs

00000ce0      33 (00000cc0)     _PieCtrlRegs

00000d00      34 (00000d00)     _EmuKey
00000d00      34 (00000d00)     _PieVectTable
00000d01      34 (00000d00)     _EmuBMode
00000d02      34 (00000d00)     _Flash_CallbackPtr
00000d04      34 (00000d00)     _Flash_CPUScaleFactor

00001000      40 (00001000)     _DmaRegs

00001400      50 (00001400)     _Cla1Regs

00004000     100 (00004000)     _Usb0Regs

00005000     140 (00005000)     _McbspaRegs

00006000     180 (00006000)     _ECanaRegs

00006040     181 (00006040)     _ECanaLAMRegs

00006080     182 (00006080)     _ECanaMOTSRegs

000060c0     183 (000060c0)     _ECanaMOTORegs

00006100     184 (00006100)     _ECanaMboxes

00006400     190 (00006400)     _Comp1Regs
00006420     190 (00006400)     _Comp2Regs

00006440     191 (00006440)     _Comp3Regs

00006800     1a0 (00006800)     _EPwm1Regs

00006840     1a1 (00006840)     _EPwm2Regs

00006880     1a2 (00006880)     _EPwm3Regs

000068c0     1a3 (000068c0)     _EPwm4Regs

00006900     1a4 (00006900)     _EPwm5Regs

00006940     1a5 (00006940)     _EPwm6Regs

00006980     1a6 (00006980)     _EPwm7Regs

000069c0     1a7 (000069c0)     _EPwm8Regs

00006a00     1a8 (00006a00)     _ECap1Regs
00006a20     1a8 (00006a00)     _ECap2Regs

00006a40     1a9 (00006a40)     _ECap3Regs

00006ac0     1ab (00006ac0)     _HRCap1Regs
00006ae0     1ab (00006ac0)     _HRCap2Regs

00006b00     1ac (00006b00)     _EQep1Regs

00006b40     1ad (00006b40)     _EQep2Regs

00006c80     1b2 (00006c80)     _HRCap3Regs
00006ca0     1b2 (00006c80)     _HRCap4Regs

00006f80     1be (00006f80)     _GpioCtrlRegs

00006fc0     1bf (00006fc0)     _GpioDataRegs
00006fe0     1bf (00006fc0)     _GpioIntRegs

00007010     1c0 (00007000)     _SysCtrlRegs

00007040     1c1 (00007040)     _SpiaRegs
00007050     1c1 (00007040)     _SciaRegs
00007060     1c1 (00007040)     _NmiIntruptRegs
00007070     1c1 (00007040)     _XIntruptRegs

00007100     1c4 (00007100)     _AdcRegs

00007740     1dd (00007740)     _SpibRegs
00007750     1dd (00007740)     _ScibRegs

00007900     1e4 (00007900)     _I2caRegs

0000a000     280 (0000a000)     _count
0000a001     280 (0000a000)     _low_thresh
0000a002     280 (0000a000)     _count2
0000a003     280 (0000a000)     _hi_thresh
0000a004     280 (0000a000)     _count1
0000a006     280 (0000a000)     _x2hat_new
0000a008     280 (0000a000)     _x1hat_new
0000a00a     280 (0000a000)     _u_new
0000a00c     280 (0000a000)     _sigma_new
0000a00e     280 (0000a000)     _K11
0000a010     280 (0000a000)     _L2
0000a012     280 (0000a000)     _r_counter
0000a014     280 (0000a000)     _L1
0000a016     280 (0000a000)     _phi
0000a018     280 (0000a000)     _u
0000a01a     280 (0000a000)     _y
0000a01c     280 (0000a000)     _v
0000a01e     280 (0000a000)     _sigma
0000a020     280 (0000a000)     _r
0000a022     280 (0000a000)     _x1_hat
0000a024     280 (0000a000)     _x2_hat
0000a026     280 (0000a000)     _theta_i
0000a028     280 (0000a000)     _theta_f
0000a02a     280 (0000a000)     _t_rest
0000a02c     280 (0000a000)     _t_cruise
0000a02e     280 (0000a000)     _t_f
0000a030     280 (0000a000)     _k
0000a032     280 (0000a000)     _mid
0000a034     280 (0000a000)     _back
0000a036     280 (0000a000)     _T_max
0000a038     280 (0000a000)     _vel_max
0000a03a     280 (0000a000)     _voltageB
0000a03c     280 (0000a000)     _voltageC
0000a03e     280 (0000a000)     _voltageA

0000a040     281 (0000a040)     _K12
0000a042     281 (0000a040)     _K2
0000a044     281 (0000a040)     _accel_max
0000a046     281 (0000a040)     _t_accel
0000a048     281 (0000a040)     _theta
0000a04a     281 (0000a040)     _Vdc
0000a04c     281 (0000a040)     _Vm
0000a04e     281 (0000a040)     _counter
0000a050     281 (0000a040)     _I_ABCmax
0000a052     281 (0000a040)     _V_max
0000a054     281 (0000a040)     _K
0000a056     281 (0000a040)     _V_dc
0000a058     281 (0000a040)     _lambda_r
0000a05a     281 (0000a040)     _lambda_e
0000a05c     281 (0000a040)     _I_max
0000a05e     281 (0000a040)     _beta
0000a060     281 (0000a040)     _T
0000a062     281 (0000a040)     _fsys
0000a064     281 (0000a040)     _F
0000a066     281 (0000a040)     _J
0000a068     281 (0000a040)     _lambda
0000a06a     281 (0000a040)     _currentB
0000a06c     281 (0000a040)     _currentA
0000a06e     281 (0000a040)     _currentC
0000a070     281 (0000a040)     _Qs
0000a072     281 (0000a040)     _alpha
0000a074     281 (0000a040)     _Qa
0000a076     281 (0000a040)     _L
0000a078     281 (0000a040)     _N
0000a07a     281 (0000a040)     _R

0000a080     282 (0000a080)     _currentBLog

0000a880     2a2 (0000a880)     _currentALog

0000b080     2c2 (0000b080)     _currentCLog

0000b850     2e1 (0000b840)     __unlock
0000b852     2e1 (0000b840)     __lock
0000b854     2e1 (0000b840)     ___TI_cleanup_ptr
0000b856     2e1 (0000b840)     ___TI_dtors_ptr
0000b858     2e1 (0000b840)     _errno

003d7e80    f5fa (003d7e80)     _PartIdRegs

003f7ff8    fdff (003f7fc0)     _CsmPwl


GLOBAL SYMBOLS: SORTED ALPHABETICALLY BY Name 

address    name
--------   ----
00008000   .text
00008a72   C$$EXIT
00008777   FS$$DIV
00008a37   I$$DIV
00008a48   I$$MOD
000089e9   L$$DIV
000089f8   L$$MOD
00008a06   UL$$DIV
00008a0d   UL$$MOD
000086a1   _AdcISR
00007100   _AdcRegs
00000b00   _AdcResult
00001400   _Cla1Regs
00006400   _Comp1Regs
00006420   _Comp2Regs
00006440   _Comp3Regs
00000c00   _CpuTimer0Regs
00000c08   _CpuTimer1Regs
00000c10   _CpuTimer2Regs
003f7ff8   _CsmPwl
00000ae0   _CsmRegs
00000880   _DevEmuRegs
00001000   _DmaRegs
00006040   _ECanaLAMRegs
000060c0   _ECanaMOTORegs
00006080   _ECanaMOTSRegs
00006100   _ECanaMboxes
00006000   _ECanaRegs
00006a00   _ECap1Regs
00006a20   _ECap2Regs
00006a40   _ECap3Regs
00006800   _EPwm1Regs
00006840   _EPwm2Regs
00006880   _EPwm3Regs
000068c0   _EPwm4Regs
00006900   _EPwm5Regs
00006940   _EPwm6Regs
00006980   _EPwm7Regs
000069c0   _EPwm8Regs
00006b00   _EQep1Regs
00006b40   _EQep2Regs
00000d01   _EmuBMode
00000d00   _EmuKey
0000a064   _F
00000a80   _FlashRegs
00000d04   _Flash_CPUScaleFactor
00000d02   _Flash_CallbackPtr
00006f80   _GpioCtrlRegs
00006fc0   _GpioDataRegs
00006fe0   _GpioIntRegs
00006ac0   _HRCap1Regs
00006ae0   _HRCap2Regs
00006c80   _HRCap3Regs
00006ca0   _HRCap4Regs
00007900   _I2caRegs
0000a050   _I_ABCmax
0000a05c   _I_max
0000a066   _J
0000a054   _K
0000a00e   _K11
0000a040   _K12
0000a042   _K2
0000a076   _L
0000a014   _L1
0000a010   _L2
00005000   _McbspaRegs
0000a078   _N
00007060   _NmiIntruptRegs
003d7e80   _PartIdRegs
00000ce0   _PieCtrlRegs
00000d00   _PieVectTable
0000a074   _Qa
0000a070   _Qs
0000a07a   _R
00007050   _SciaRegs
00007750   _ScibRegs
00007040   _SpiaRegs
00007740   _SpibRegs
00007010   _SysCtrlRegs
00000985   _SysPwrCtrlRegs
0000a060   _T
0000a036   _T_max
00004000   _Usb0Regs
0000a056   _V_dc
0000a052   _V_max
0000a04a   _Vdc
0000a04c   _Vm
00007070   _XIntruptRegs
00000700   __STACK_END
00000300   __STACK_SIZE
00000001   __TI_args_main
0000b854   ___TI_cleanup_ptr
0000b856   ___TI_dtors_ptr
ffffffff   ___binit__
ffffffff   ___c_args__
00000050   ___cinit__
00008aaa   ___etext__
ffffffff   ___pinit__
00008000   ___text__
00008a59   __args_main
0000b852   __lock
00008922   __log
00008aa9   __nop
00008aa5   __register_lock
00008aa1   __register_unlock
00000400   __stack
0000b850   __unlock
00008a72   _abort
0000a044   _accel_max
0000a072   _alpha
0000a034   _back
0000a05e   _beta
00008972   _c_int00
00008867   _cos
0000a000   _count
0000a004   _count1
0000a002   _count2
0000a04e   _counter
0000a06c   _currentA
0000a880   _currentALog
0000a06a   _currentB
0000a080   _currentBLog
0000a06e   _currentC
0000b080   _currentCLog
0000b858   _errno
00008a74   _exit
000087ff   _exp
00008a8b   _frexp
0000a062   _fsys
0000a003   _hi_thresh
00008346   _initADC
00008219   _initClock
0000832c   _initInterrupt
000082b2   _initPWM
00008390   _initQEP
00008244   _initTimer
0000a030   _k
0000a068   _lambda
0000a05a   _lambda_e
0000a058   _lambda_r
000089b8   _ldexp
0000a001   _low_thresh
00008000   _main
0000a032   _mid
0000a016   _phi
000088c8   _pow
0000a020   _r
0000a012   _r_counter
0000825b   _setVoltage
0000a01e   _sigma
0000a00c   _sigma_new
00008a14   _sqrt
0000a046   _t_accel
0000a02c   _t_cruise
0000a02e   _t_f
0000a02a   _t_rest
0000a048   _theta
0000a028   _theta_f
0000a026   _theta_i
000083bc   _timerISR
0000a018   _u
0000a00a   _u_new
0000a01c   _v
0000a038   _vel_max
0000a03e   _voltageA
0000a03a   _voltageB
0000a03c   _voltageC
000083ad   _wait
0000a022   _x1_hat
0000a008   _x1hat_new
0000a024   _x2_hat
0000a006   _x2hat_new
0000a01a   _y
ffffffff   binit
00000050   cinit
00008aaa   etext
ffffffff   pinit


GLOBAL SYMBOLS: SORTED BY Symbol Address 

address    name
--------   ----
00000001   __TI_args_main
00000050   ___cinit__
00000050   cinit
00000300   __STACK_SIZE
00000400   __stack
00000700   __STACK_END
00000880   _DevEmuRegs
00000985   _SysPwrCtrlRegs
00000a80   _FlashRegs
00000ae0   _CsmRegs
00000b00   _AdcResult
00000c00   _CpuTimer0Regs
00000c08   _CpuTimer1Regs
00000c10   _CpuTimer2Regs
00000ce0   _PieCtrlRegs
00000d00   _EmuKey
00000d00   _PieVectTable
00000d01   _EmuBMode
00000d02   _Flash_CallbackPtr
00000d04   _Flash_CPUScaleFactor
00001000   _DmaRegs
00001400   _Cla1Regs
00004000   _Usb0Regs
00005000   _McbspaRegs
00006000   _ECanaRegs
00006040   _ECanaLAMRegs
00006080   _ECanaMOTSRegs
000060c0   _ECanaMOTORegs
00006100   _ECanaMboxes
00006400   _Comp1Regs
00006420   _Comp2Regs
00006440   _Comp3Regs
00006800   _EPwm1Regs
00006840   _EPwm2Regs
00006880   _EPwm3Regs
000068c0   _EPwm4Regs
00006900   _EPwm5Regs
00006940   _EPwm6Regs
00006980   _EPwm7Regs
000069c0   _EPwm8Regs
00006a00   _ECap1Regs
00006a20   _ECap2Regs
00006a40   _ECap3Regs
00006ac0   _HRCap1Regs
00006ae0   _HRCap2Regs
00006b00   _EQep1Regs
00006b40   _EQep2Regs
00006c80   _HRCap3Regs
00006ca0   _HRCap4Regs
00006f80   _GpioCtrlRegs
00006fc0   _GpioDataRegs
00006fe0   _GpioIntRegs
00007010   _SysCtrlRegs
00007040   _SpiaRegs
00007050   _SciaRegs
00007060   _NmiIntruptRegs
00007070   _XIntruptRegs
00007100   _AdcRegs
00007740   _SpibRegs
00007750   _ScibRegs
00007900   _I2caRegs
00008000   .text
00008000   ___text__
00008000   _main
00008219   _initClock
00008244   _initTimer
0000825b   _setVoltage
000082b2   _initPWM
0000832c   _initInterrupt
00008346   _initADC
00008390   _initQEP
000083ad   _wait
000083bc   _timerISR
000086a1   _AdcISR
00008777   FS$$DIV
000087ff   _exp
00008867   _cos
000088c8   _pow
00008922   __log
00008972   _c_int00
000089b8   _ldexp
000089e9   L$$DIV
000089f8   L$$MOD
00008a06   UL$$DIV
00008a0d   UL$$MOD
00008a14   _sqrt
00008a37   I$$DIV
00008a48   I$$MOD
00008a59   __args_main
00008a72   C$$EXIT
00008a72   _abort
00008a74   _exit
00008a8b   _frexp
00008aa1   __register_unlock
00008aa5   __register_lock
00008aa9   __nop
00008aaa   ___etext__
00008aaa   etext
0000a000   _count
0000a001   _low_thresh
0000a002   _count2
0000a003   _hi_thresh
0000a004   _count1
0000a006   _x2hat_new
0000a008   _x1hat_new
0000a00a   _u_new
0000a00c   _sigma_new
0000a00e   _K11
0000a010   _L2
0000a012   _r_counter
0000a014   _L1
0000a016   _phi
0000a018   _u
0000a01a   _y
0000a01c   _v
0000a01e   _sigma
0000a020   _r
0000a022   _x1_hat
0000a024   _x2_hat
0000a026   _theta_i
0000a028   _theta_f
0000a02a   _t_rest
0000a02c   _t_cruise
0000a02e   _t_f
0000a030   _k
0000a032   _mid
0000a034   _back
0000a036   _T_max
0000a038   _vel_max
0000a03a   _voltageB
0000a03c   _voltageC
0000a03e   _voltageA
0000a040   _K12
0000a042   _K2
0000a044   _accel_max
0000a046   _t_accel
0000a048   _theta
0000a04a   _Vdc
0000a04c   _Vm
0000a04e   _counter
0000a050   _I_ABCmax
0000a052   _V_max
0000a054   _K
0000a056   _V_dc
0000a058   _lambda_r
0000a05a   _lambda_e
0000a05c   _I_max
0000a05e   _beta
0000a060   _T
0000a062   _fsys
0000a064   _F
0000a066   _J
0000a068   _lambda
0000a06a   _currentB
0000a06c   _currentA
0000a06e   _currentC
0000a070   _Qs
0000a072   _alpha
0000a074   _Qa
0000a076   _L
0000a078   _N
0000a07a   _R
0000a080   _currentBLog
0000a880   _currentALog
0000b080   _currentCLog
0000b850   __unlock
0000b852   __lock
0000b854   ___TI_cleanup_ptr
0000b856   ___TI_dtors_ptr
0000b858   _errno
003d7e80   _PartIdRegs
003f7ff8   _CsmPwl
ffffffff   ___binit__
ffffffff   ___c_args__
ffffffff   ___pinit__
ffffffff   binit
ffffffff   pinit

[177 symbols]
